Γùç injecting env (5) from .env // tip: Γîÿ multiple files { path: ['.env.local', '.env'] }
--- Router Sync Diagnostic Test ---
Target Router: 192.168.1.1
Model Identified: ZLT X17M (Software 6.10.9)
[RouterSync] Got session token: 4f19f0318e47a432...
FAILED during diagnostic test: Error: Router login failed for all supported Airtel/ZLT login variants. Verify router username/password.
    at Function.<anonymous> (C:\Users\Administrator\OneDrive\Desktop\WifiSystem\backend\src\utils\routerSync.ts:225:11)
    at Generator.next (<anonymous>)
    at fulfilled (C:\Users\Administrator\OneDrive\Desktop\WifiSystem\backend\src\utils\routerSync.ts:5:58)
    at processTicksAndRejections (node:internal/process/task_queues:105:5)
